---
source: testing-tracing-opentelemetry/src/lib.rs
expression: tracing_events
---
- fields:
    message: new
  level: TRACE
  span:
    http.request.method: GET
    name: HTTP request
    network.protocol.version: "1.1"
    otel.kind: Server
    otel.name: GET
    server.address: ""
    span.type: web
    url.path: /status/500
    url.scheme: ""
    user_agent.original: ""
  spans: []
  target: "otel::tracing"
  timestamp: "[timestamp]"
- fields:
    message: close
    time.busy: "[duration]"
    time.idle: "[duration]"
  level: TRACE
  span:
    http.request.method: GET
    http.response.status_code: "500"
    http.route: /status/500
    name: HTTP request
    network.protocol.version: "1.1"
    otel.kind: Server
    otel.name: GET /status/500
    otel.status_code: ERROR
    server.address: ""
    span.type: web
    url.path: /status/500
    url.scheme: ""
    user_agent.original: ""
  spans: []
  target: "otel::tracing"
  timestamp: "[timestamp]"

